../MotorDriver/Src/TMC2209.c:38:6:TMC2209_setdefault	0	static
../MotorDriver/Src/TMC2209.c:81:6:TMC2209_enable	8	static
../MotorDriver/Src/TMC2209.c:91:6:TMC2209_disable	8	static
../MotorDriver/Src/TMC2209.c:49:6:TMC2209_setup	24	static
../MotorDriver/Src/TMC2209.c:101:6:TMC2209_setMicrostep	8	static
../MotorDriver/Src/TMC2209.c:107:6:TMC2209_readChopConfig	16	static
../MotorDriver/Src/TMC2209.c:114:6:TMC2209_velocity	32	static
../MotorDriver/Src/TMC2209.c:142:6:TMC2209_move	16	static
../MotorDriver/Src/TMC2209.c:150:6:TMC2209_stop	8	static
../MotorDriver/Src/TMC2209.c:156:6:TMC2209_brake	16	static
../MotorDriver/Src/TMC2209.c:168:6:TMC2209_unBrake	16	static
../MotorDriver/Src/TMC2209.c:178:6:TMC2209_direction	16	static
../MotorDriver/Src/TMC2209.c:191:6:PID_controller	40	static
../MotorDriver/Src/TMC2209.c:222:6:TMC2209_watchPosition	16	static
../MotorDriver/Src/TMC2209.c:254:6:TMC2209_getDirection	0	static
../MotorDriver/Src/TMC2209.c:258:6:TMC2209_rotateOnce	16	static
../MotorDriver/Src/TMC2209.c:270:6:TMC2209_moveOneStep	16	static
../MotorDriver/Src/TMC2209.c:279:6:HAL_TIM_PWM_PulseFinishedCallback	0	static
